java.base
java.compiler
java.instrument
java.logging
java.management
java.naming
java.sql
java.xml
jdk.management
jdk.sctp
jdk.unsupported
